2026-01-25 16:02:39 - CouponNotifier - INFO - Tablas de base de datos creadas/verificadas
2026-01-25 16:02:43 - CouponNotifier - INFO - Autenticado como: correoparaplatad@gmail.com
2026-01-25 16:02:43 - CouponNotifier - INFO - Aplicación iniciada correctamente
2026-01-25 16:02:43 - CouponNotifier - INFO - Escaneo automático configurado cada 30 minutos
2026-01-25 16:02:45 - CouponNotifier - INFO - Iniciando escaneo de correos...
2026-01-25 16:02:45 - CouponNotifier - INFO - Escaneo manual iniciado
2026-01-25 16:02:45 - CouponNotifier - INFO - Usando query de búsqueda: (subject:cupón OR subject:descuento OR subject:oferta OR subject:promoción) has:attachment
2026-01-25 16:02:46 - CouponNotifier - INFO - Encontrados 0 correos
2026-01-25 16:02:46 - CouponNotifier - INFO - Procesando 0 correos...
2026-01-25 16:02:46 - CouponNotifier - INFO - Escaneo completado. Encontrados 0 cupones nuevos
2026-01-25 16:02:47 - CouponNotifier - INFO - Iniciando escaneo de correos...
2026-01-25 16:02:47 - CouponNotifier - INFO - Escaneo manual iniciado
2026-01-25 16:02:47 - CouponNotifier - INFO - Usando query de búsqueda: (subject:cupón OR subject:descuento OR subject:oferta OR subject:promoción) has:attachment
2026-01-25 16:02:48 - CouponNotifier - INFO - Encontrados 0 correos
2026-01-25 16:02:48 - CouponNotifier - INFO - Procesando 0 correos...
2026-01-25 16:02:48 - CouponNotifier - INFO - Escaneo completado. Encontrados 0 cupones nuevos
2026-01-25 16:02:51 - CouponNotifier - INFO - Iniciando escaneo de correos...
2026-01-25 16:02:51 - CouponNotifier - INFO - Escaneo manual iniciado
2026-01-25 16:02:51 - CouponNotifier - INFO - Usando query de búsqueda: (subject:cupón OR subject:descuento OR subject:oferta OR subject:promoción) has:attachment
2026-01-25 16:02:51 - CouponNotifier - INFO - Encontrados 0 correos
2026-01-25 16:02:51 - CouponNotifier - INFO - Procesando 0 correos...
2026-01-25 16:02:51 - CouponNotifier - INFO - Escaneo completado. Encontrados 0 cupones nuevos
2026-01-25 16:02:57 - CouponNotifier - INFO - Iniciando escaneo de correos...
2026-01-25 16:02:57 - CouponNotifier - INFO - Escaneo manual iniciado
2026-01-25 16:02:57 - CouponNotifier - INFO - Usando query de búsqueda: (subject:cupón OR subject:descuento OR subject:oferta OR subject:promoción) has:attachment
2026-01-25 16:02:58 - CouponNotifier - INFO - Encontrados 0 correos
2026-01-25 16:02:58 - CouponNotifier - INFO - Procesando 0 correos...
2026-01-25 16:02:58 - CouponNotifier - INFO - Escaneo completado. Encontrados 0 cupones nuevos
2026-01-25 16:02:58 - CouponNotifier - INFO - Iniciando escaneo de correos...
2026-01-25 16:02:58 - CouponNotifier - INFO - Escaneo manual iniciado
2026-01-25 16:02:58 - CouponNotifier - INFO - Usando query de búsqueda: (subject:cupón OR subject:descuento OR subject:oferta OR subject:promoción) has:attachment
2026-01-25 16:02:58 - CouponNotifier - INFO - Encontrados 0 correos
2026-01-25 16:02:58 - CouponNotifier - INFO - Procesando 0 correos...
2026-01-25 16:02:58 - CouponNotifier - INFO - Escaneo completado. Encontrados 0 cupones nuevos
2026-01-25 16:03:01 - CouponNotifier - INFO - Iniciando escaneo de correos...
2026-01-25 16:03:01 - CouponNotifier - INFO - Escaneo manual iniciado
2026-01-25 16:03:01 - CouponNotifier - INFO - Usando query de búsqueda: (subject:cupón OR subject:descuento OR subject:oferta OR subject:promoción) has:attachment
2026-01-25 16:03:01 - CouponNotifier - INFO - Encontrados 0 correos
2026-01-25 16:03:01 - CouponNotifier - INFO - Procesando 0 correos...
2026-01-25 16:03:01 - CouponNotifier - INFO - Escaneo completado. Encontrados 0 cupones nuevos
2026-01-25 16:03:02 - CouponNotifier - INFO - Iniciando escaneo de correos...
2026-01-25 16:03:02 - CouponNotifier - INFO - Escaneo manual iniciado
2026-01-25 16:03:02 - CouponNotifier - INFO - Usando query de búsqueda: (subject:cupón OR subject:descuento OR subject:oferta OR subject:promoción) has:attachment
2026-01-25 16:03:02 - CouponNotifier - INFO - Encontrados 0 correos
2026-01-25 16:03:02 - CouponNotifier - INFO - Procesando 0 correos...
2026-01-25 16:03:02 - CouponNotifier - INFO - Escaneo completado. Encontrados 0 cupones nuevos
2026-01-25 16:03:24 - CouponNotifier - INFO - Conexión a base de datos cerrada
2026-01-25 16:03:24 - CouponNotifier - INFO - Aplicación cerrada
2026-01-25 16:03:40 - CouponNotifier - INFO - Tablas de base de datos creadas/verificadas
2026-01-25 16:03:44 - CouponNotifier - INFO - Autenticado como: correoparaplatad@gmail.com
2026-01-25 16:03:44 - CouponNotifier - INFO - Aplicación iniciada correctamente
2026-01-25 16:03:44 - CouponNotifier - INFO - Escaneo automático configurado cada 30 minutos
2026-01-25 16:03:53 - CouponNotifier - INFO - Iniciando escaneo de correos...
2026-01-25 16:03:53 - CouponNotifier - INFO - Escaneo manual iniciado
2026-01-25 16:03:53 - CouponNotifier - INFO - Usando query de búsqueda: (subject:cupón OR subject:descuento OR subject:oferta OR subject:promoción) has:attachment
2026-01-25 16:03:54 - CouponNotifier - INFO - Encontrados 0 correos
2026-01-25 16:03:54 - CouponNotifier - INFO - Procesando 0 correos...
2026-01-25 16:03:54 - CouponNotifier - INFO - Escaneo completado. Encontrados 0 cupones nuevos
2026-01-25 16:03:54 - CouponNotifier - INFO - Iniciando escaneo de correos...
2026-01-25 16:03:54 - CouponNotifier - INFO - Escaneo manual iniciado
2026-01-25 16:03:54 - CouponNotifier - INFO - Usando query de búsqueda: (subject:cupón OR subject:descuento OR subject:oferta OR subject:promoción) has:attachment
2026-01-25 16:03:55 - CouponNotifier - INFO - Encontrados 0 correos
2026-01-25 16:03:55 - CouponNotifier - INFO - Procesando 0 correos...
2026-01-25 16:03:55 - CouponNotifier - INFO - Escaneo completado. Encontrados 0 cupones nuevos
2026-01-25 16:05:25 - CouponNotifier - INFO - Conexión a base de datos cerrada
2026-01-25 16:05:25 - CouponNotifier - INFO - Aplicación cerrada
2026-01-25 16:05:34 - CouponNotifier - INFO - Tablas de base de datos creadas/verificadas
2026-01-25 16:05:39 - CouponNotifier - WARNING - Credenciales no configuradas
2026-01-25 16:05:39 - CouponNotifier - INFO - Aplicación iniciada correctamente
2026-01-25 16:05:39 - CouponNotifier - INFO - Escaneo automático configurado cada 30 minutos
2026-01-25 16:05:58 - CouponNotifier - INFO - Tokens obtenidos exitosamente
2026-01-25 16:05:58 - CouponNotifier - INFO - Configuración actualizada: client_id, client_secret, refresh_token
2026-01-25 16:07:03 - CouponNotifier - WARNING - No se pudo obtener perfil: The read operation timed out
2026-01-25 16:07:21 - CouponNotifier - INFO - Iniciando escaneo de correos...
2026-01-25 16:07:21 - CouponNotifier - INFO - Escaneo manual iniciado
2026-01-25 16:07:21 - CouponNotifier - INFO - Usando query de búsqueda: 
2026-01-25 16:07:22 - CouponNotifier - INFO - Encontrados 15 correos
2026-01-25 16:07:22 - CouponNotifier - INFO - Procesando 15 correos...
2026-01-25 16:07:22 - CouponNotifier - INFO - Procesando email: Flash Sunday Sale — use code 15PERCENTOFF to enjoy...
2026-01-25 16:07:22 - CouponNotifier - INFO - Cupón encontrado en texto: 15PERCENTOFF
2026-01-25 16:07:22 - CouponNotifier - INFO -   → Encontrados 1 cupones en este correo
2026-01-25 16:07:22 - CouponNotifier - INFO - Procesando email: NEW deals at Big Bear Wine & Liquor 1/25 - 1/31...
2026-01-25 16:07:22 - CouponNotifier - INFO - Procesando email: Radiate Confidence ✨👟...
2026-01-25 16:07:22 - CouponNotifier - INFO - Cupón encontrado en texto: 80E1B68175A6FC19A12760F5F2B90A16
2026-01-25 16:07:22 - CouponNotifier - INFO -   → Encontrados 1 cupones en este correo
2026-01-25 16:07:22 - CouponNotifier - INFO - Procesando email: Re: sa...
2026-01-25 16:07:23 - CouponNotifier - INFO - Procesando email: sa...
2026-01-25 16:07:23 - CouponNotifier - INFO - Procesando email: Spring Bags Have Entered the Chat 🌸...
2026-01-25 16:07:23 - CouponNotifier - INFO - Cupón encontrado en texto: 3DA310223E0AC974BD900979D0CDEACCB7
2026-01-25 16:07:23 - CouponNotifier - INFO -   → Encontrados 1 cupones en este correo
2026-01-25 16:07:23 - CouponNotifier - INFO - Procesando email: The feeling you look forward to at night...
2026-01-25 16:07:23 - CouponNotifier - INFO - Cupón encontrado en texto: D9C2459035867A237D0406FA96D5BC02
2026-01-25 16:07:23 - CouponNotifier - INFO -   → Encontrados 1 cupones en este correo
2026-01-25 16:07:23 - CouponNotifier - INFO - Procesando email: ALL FOR LOVE...
2026-01-25 16:07:23 - CouponNotifier - INFO - Procesando email: NEW DROP: Modern Power Dressing...
2026-01-25 16:07:23 - CouponNotifier - INFO - Cupón encontrado en texto: 959B1A2306AE6DFB3FD48ECCC8C1AEE3
2026-01-25 16:07:23 - CouponNotifier - INFO -   → Encontrados 1 cupones en este correo
2026-01-25 16:07:24 - CouponNotifier - INFO - Procesando email: You've Been Selected to Receive Milk Street Magazi...
2026-01-25 16:07:24 - CouponNotifier - INFO - Cupón encontrado en texto: 2DE8728239157AC2369AB44B920724A3
2026-01-25 16:07:24 - CouponNotifier - INFO -   → Encontrados 1 cupones en este correo
2026-01-25 16:07:24 - CouponNotifier - INFO - Procesando email: "Organic" doesn't need to come with a lecture....
2026-01-25 16:07:24 - CouponNotifier - INFO - Cupón encontrado en texto: UNSUBSCRIBE 1136 WALNUT
2026-01-25 16:07:24 - CouponNotifier - INFO -   → Encontrados 1 cupones en este correo
2026-01-25 16:07:24 - CouponNotifier - INFO - Procesando email: The last soup menu of the season is here 🍲...
2026-01-25 16:07:24 - CouponNotifier - INFO - Cupón encontrado en texto: 79C9649F5AC44F87A88430CA79EE9D1B
2026-01-25 16:07:24 - CouponNotifier - INFO -   → Encontrados 1 cupones en este correo
2026-01-25 16:07:24 - CouponNotifier - INFO - Procesando email: get this for 50% OFF...code inside...
2026-01-25 16:07:24 - CouponNotifier - INFO - Cupón encontrado en texto: 2F152D02EB1F3DCCC612C5F5058C15DD
2026-01-25 16:07:24 - CouponNotifier - INFO -   → Encontrados 1 cupones en este correo
2026-01-25 16:07:24 - CouponNotifier - INFO - Procesando email: Flash Sale: 50+ All New Designs!...
2026-01-25 16:07:24 - CouponNotifier - INFO - Cupón encontrado en texto: 3DE68E102ED6BA256FF453551A55B95
2026-01-25 16:07:24 - CouponNotifier - INFO -   → Encontrados 1 cupones en este correo
2026-01-25 16:07:25 - CouponNotifier - INFO - Procesando email: FREE foundation today only (I'm not joking)...
2026-01-25 16:07:25 - CouponNotifier - INFO - Cupón encontrado en texto: 2088FD1E5554DD188C33F65D801CADA7
2026-01-25 16:07:25 - CouponNotifier - INFO -   → Encontrados 1 cupones en este correo
2026-01-25 16:07:25 - CouponNotifier - INFO - Cupón agregado: 15PERCENTOFF - Desconocida
2026-01-25 16:07:25 - CouponNotifier - INFO -   ✅ Guardado nuevo cupón: 15PERCENTOFF
2026-01-25 16:07:25 - CouponNotifier - INFO - Cupón agregado: 80E1B68175A6FC19A12760F5F2B90A16 - Desconocida
2026-01-25 16:07:25 - CouponNotifier - INFO -   ✅ Guardado nuevo cupón: 80E1B68175A6FC19A12760F5F2B90A16
2026-01-25 16:07:25 - CouponNotifier - INFO - Cupón agregado: 3DA310223E0AC974BD900979D0CDEACCB7 - Desconocida
2026-01-25 16:07:25 - CouponNotifier - INFO -   ✅ Guardado nuevo cupón: 3DA310223E0AC974BD900979D0CDEACCB7
2026-01-25 16:07:25 - CouponNotifier - INFO - Cupón agregado: D9C2459035867A237D0406FA96D5BC02 - Desconocida
2026-01-25 16:07:25 - CouponNotifier - INFO -   ✅ Guardado nuevo cupón: D9C2459035867A237D0406FA96D5BC02
2026-01-25 16:07:25 - CouponNotifier - INFO - Cupón agregado: 959B1A2306AE6DFB3FD48ECCC8C1AEE3 - Desconocida
2026-01-25 16:07:25 - CouponNotifier - INFO -   ✅ Guardado nuevo cupón: 959B1A2306AE6DFB3FD48ECCC8C1AEE3
2026-01-25 16:07:25 - CouponNotifier - INFO - Cupón agregado: 2DE8728239157AC2369AB44B920724A3 - Mercado Libre
2026-01-25 16:07:25 - CouponNotifier - INFO -   ✅ Guardado nuevo cupón: 2DE8728239157AC2369AB44B920724A3
2026-01-25 16:07:25 - CouponNotifier - INFO - Cupón agregado: UNSUBSCRIBE 1136 WALNUT - Desconocida
2026-01-25 16:07:25 - CouponNotifier - INFO -   ✅ Guardado nuevo cupón: UNSUBSCRIBE 1136 WALNUT
2026-01-25 16:07:25 - CouponNotifier - INFO - Cupón agregado: 79C9649F5AC44F87A88430CA79EE9D1B - Desconocida
2026-01-25 16:07:25 - CouponNotifier - INFO -   ✅ Guardado nuevo cupón: 79C9649F5AC44F87A88430CA79EE9D1B
2026-01-25 16:07:25 - CouponNotifier - INFO - Cupón agregado: 2F152D02EB1F3DCCC612C5F5058C15DD - Desconocida
2026-01-25 16:07:25 - CouponNotifier - INFO -   ✅ Guardado nuevo cupón: 2F152D02EB1F3DCCC612C5F5058C15DD
2026-01-25 16:07:25 - CouponNotifier - INFO - Cupón agregado: 3DE68E102ED6BA256FF453551A55B95 - Mercado Libre
2026-01-25 16:07:25 - CouponNotifier - INFO -   ✅ Guardado nuevo cupón: 3DE68E102ED6BA256FF453551A55B95
2026-01-25 16:07:25 - CouponNotifier - INFO - Cupón agregado: 2088FD1E5554DD188C33F65D801CADA7 - Desconocida
2026-01-25 16:07:25 - CouponNotifier - INFO -   ✅ Guardado nuevo cupón: 2088FD1E5554DD188C33F65D801CADA7
2026-01-25 16:07:25 - CouponNotifier - INFO - Escaneo completado. Encontrados 11 cupones nuevos
2026-01-25 16:07:25 - CouponNotifier - INFO - Escaneo completado: Encontrados 11 cupones nuevos
2026-01-25 16:26:09 - CouponNotifier - INFO - Conexión a base de datos cerrada
2026-01-25 16:26:09 - CouponNotifier - INFO - Aplicación cerrada
2026-01-25 16:38:24 - CouponNotifier - INFO - Tablas de base de datos creadas/verificadas
2026-01-25 16:38:25 - CouponNotifier - CRITICAL - Error fatal: Traceback (most recent call last):
  File "c:\xampp\htdocs\CodeNotificator\CodeNotificator.py", line 1383, in <module>
    app = CouponNotifierApp(root)
  File "c:\xampp\htdocs\CodeNotificator\CodeNotificator.py", line 947, in __init__
    self.load_notifications()
    ~~~~~~~~~~~~~~~~~~~~~~~^^
  File "c:\xampp\htdocs\CodeNotificator\CodeNotificator.py", line 1142, in load_notifications
    notifications = self.db.get_notifications(limit=50)
  File "c:\xampp\htdocs\CodeNotificator\CodeNotificator.py", line 249, in get_notifications
    cursor.execute(query, params)
    ~~~~~~~~~~~~~~^^^^^^^^^^^^^^^
sqlite3.OperationalError: no such column: usuario_valido

2026-01-25 16:38:43 - CouponNotifier - INFO - Tablas de base de datos creadas/verificadas
2026-01-25 16:38:50 - CouponNotifier - INFO - Aplicación iniciada correctamente
2026-01-25 16:39:07 - CouponNotifier - INFO - Tokens obtenidos exitosamente
2026-01-25 16:39:07 - CouponNotifier - INFO - Configuración actualizada: client_id, client_secret, refresh_token
2026-01-25 16:39:09 - CouponNotifier - INFO - Configuración actualizada: intervalo_minutos
2026-01-25 16:39:14 - CouponNotifier - INFO - Iniciando escaneo de correos...
2026-01-25 16:39:18 - CouponNotifier - INFO - Autenticado como: correoparaplatad@gmail.com
2026-01-25 16:39:19 - CouponNotifier - INFO - Encontrados 15 correos
2026-01-25 16:39:22 - CouponNotifier - INFO - Procesando: Flash Sunday Sale — use code 15PERCENTOFF to enjoy...
2026-01-25 16:39:22 - CouponNotifier - INFO - Procesando: NEW deals at Big Bear Wine & Liquor 1/25 - 1/31...
2026-01-25 16:39:22 - CouponNotifier - INFO - Procesando: Radiate Confidence ✨👟...
2026-01-25 16:39:22 - CouponNotifier - INFO - Cupón encontrado: CS703 (confianza: 0.56)
2026-01-25 16:39:22 - CouponNotifier - INFO - Cupón agregado: CS703 - Desconocida (confianza: 0.56)
2026-01-25 16:39:22 - CouponNotifier - INFO - Procesando: Re: sa...
2026-01-25 16:39:23 - CouponNotifier - INFO - Procesando: sa...
2026-01-25 16:39:23 - CouponNotifier - INFO - Procesando: Spring Bags Have Entered the Chat 🌸...
2026-01-25 16:39:23 - CouponNotifier - INFO - Cupón encontrado: 1KFNZP0ME4J64QHN8V71W001X (confianza: 0.56)
2026-01-25 16:39:23 - CouponNotifier - INFO - Cupón agregado: 1KFNZP0ME4J64QHN8V71W001X - Desconocida (confianza: 0.56)
2026-01-25 16:39:23 - CouponNotifier - INFO - Procesando: The feeling you look forward to at night...
2026-01-25 16:39:23 - CouponNotifier - INFO - Cupón encontrado: UCAWOQ2SYSZ08BGNBWWKA8FG (confianza: 0.56)
2026-01-25 16:39:23 - CouponNotifier - INFO - Cupón agregado: UCAWOQ2SYSZ08BGNBWWKA8FG - Desconocida (confianza: 0.56)
2026-01-25 16:39:23 - CouponNotifier - INFO - Procesando: ALL FOR LOVE...
2026-01-25 16:39:24 - CouponNotifier - INFO - Procesando: NEW DROP: Modern Power Dressing...
2026-01-25 16:39:24 - CouponNotifier - INFO - Cupón encontrado: 2306AE (confianza: 0.56)
2026-01-25 16:39:24 - CouponNotifier - INFO - Cupón agregado: 2306AE - Desconocida (confianza: 0.56)
2026-01-25 16:39:24 - CouponNotifier - INFO - Procesando: You've Been Selected to Receive Milk Street Magazi...
2026-01-25 16:39:24 - CouponNotifier - INFO - Cupón encontrado: DE8728239157AC (confianza: 0.56)
2026-01-25 16:39:24 - CouponNotifier - INFO - Cupón agregado: DE8728239157AC - Mercado Libre (confianza: 0.56)
2026-01-25 16:39:24 - CouponNotifier - INFO - Procesando: "Organic" doesn't need to come with a lecture....
2026-01-25 16:39:24 - CouponNotifier - INFO - Procesando: The last soup menu of the season is here 🍲...
2026-01-25 16:39:24 - CouponNotifier - INFO - Cupón encontrado: RTVAQC289D (confianza: 0.56)
2026-01-25 16:39:24 - CouponNotifier - INFO - Cupón agregado: RTVAQC289D - Desconocida (confianza: 0.56)
2026-01-25 16:39:25 - CouponNotifier - INFO - Procesando: get this for 50% OFF...code inside...
2026-01-25 16:39:25 - CouponNotifier - INFO - Cupón encontrado: DCCC612C (confianza: 0.56)
2026-01-25 16:39:25 - CouponNotifier - INFO - Cupón agregado: DCCC612C - Desconocida (confianza: 0.56)
2026-01-25 16:39:25 - CouponNotifier - INFO - Procesando: Flash Sale: 50+ All New Designs!...
2026-01-25 16:39:25 - CouponNotifier - INFO - Cupón encontrado: 1343KJPANRW (confianza: 0.56)
2026-01-25 16:39:25 - CouponNotifier - INFO - Cupón agregado: 1343KJPANRW - Mercado Libre (confianza: 0.56)
2026-01-25 16:39:26 - CouponNotifier - INFO - Procesando: FREE foundation today only (I'm not joking)...
2026-01-25 16:39:26 - CouponNotifier - INFO - Cupón encontrado: QYOWACDGV5-6WOX5AOZXZW (confianza: 0.56)
2026-01-25 16:39:26 - CouponNotifier - INFO - Cupón agregado: QYOWACDGV5-6WOX5AOZXZW - Desconocida (confianza: 0.56)
2026-01-25 16:39:26 - CouponNotifier - INFO - Escaneo completado. Encontrados 9 cupones nuevos
2026-01-25 16:39:26 - CouponNotifier - INFO - Notificación: 🎉 Nuevos Cupones
2026-01-25 16:47:18 - CouponNotifier - INFO - Aprendizaje: 1343KJPANRW -> MIXED_11 (inválido)
2026-01-25 16:47:18 - CouponNotifier - INFO - Cupón 8 marcado como inválido
2026-01-25 16:47:18 - CouponNotifier - INFO - Notificación: ❌ Feedback Registrado
2026-01-25 16:47:26 - CouponNotifier - INFO - Iniciando escaneo de correos...
2026-01-25 16:47:45 - CouponNotifier - ERROR - Error buscando correos: [WinError 10054] Se ha forzado la interrupción de una conexión existente por el host remoto
2026-01-25 16:47:45 - CouponNotifier - INFO - Escaneo completado. Encontrados 0 cupones nuevos
2026-01-25 16:51:28 - CouponNotifier - INFO - Configuración actualizada: intervalo_minutos
2026-01-25 16:58:52 - CouponNotifier - INFO - Conexión a base de datos cerrada
2026-01-25 17:03:52 - CouponNotifier - INFO - Tablas de base de datos creadas/verificadas
2026-01-25 17:03:53 - CouponNotifier - INFO - Aplicación iniciada correctamente
2026-01-25 17:04:03 - CouponNotifier - ERROR - Error en escaneo: Traceback (most recent call last):
  File "c:\xampp\htdocs\CodeNotificator\CodeNotificator.py", line 1279, in perform_scan
    coupons, message = self.processor.scan_emails()
                       ^^^^^^^^^^^^^^^^^^^^^^^^^^
AttributeError: 'GmailOCRProcessor' object has no attribute 'scan_emails'. Did you mean: 'search_emails'?

2026-01-25 17:04:15 - CouponNotifier - INFO - Conexión a base de datos cerrada
2026-01-25 17:12:49 - CouponNotifier - INFO - Tablas de base de datos creadas/verificadas
2026-01-25 17:12:50 - CouponNotifier - INFO - Aplicación iniciada correctamente
2026-01-25 17:14:00 - CouponNotifier - INFO - Iniciando escaneo de correos...
2026-01-25 17:14:04 - CouponNotifier - INFO - Autenticado como: correoparaplatad@gmail.com
2026-01-25 17:14:04 - CouponNotifier - INFO - Encontrados 15 correos
2026-01-25 17:14:04 - CouponNotifier - INFO - Procesando: Flash Sunday Sale — use code 15PERCENTOFF to enjoy... (Remitente: WezTeck <store+55226925252@g.shopifyemail.com>)
2026-01-25 17:14:05 - CouponNotifier - INFO - Procesando: NEW deals at Big Bear Wine & Liquor 1/25 - 1/31... (Remitente: "Big Bear Wine & Liquor" <do-not-reply@cityhive.net>)
2026-01-25 17:14:05 - CouponNotifier - INFO - Procesando: Radiate Confidence ✨👟... (Remitente: IDA <hello@idasports.com>)
2026-01-25 17:14:05 - CouponNotifier - INFO - Cupón encontrado: CS703 - Tienda: IDA (confianza: 0.56)
2026-01-25 17:14:06 - CouponNotifier - INFO - Procesando: Re: sa... (Remitente: Moises_01 <jaiverolivera@gmail.com>)
2026-01-25 17:14:06 - CouponNotifier - INFO - Procesando: sa... (Remitente: Moises_01 <jaiverolivera@gmail.com>)
2026-01-25 17:14:06 - CouponNotifier - INFO - Procesando: Spring Bags Have Entered the Chat 🌸... (Remitente: K Marie Boutique <karen@shopkmarieboutique.com>)
2026-01-25 17:14:06 - CouponNotifier - INFO - Cupón encontrado: 1KFNZP0ME4J64QHN8V71W001X - Tienda: K Marie Boutique (confianza: 0.56)
2026-01-25 17:14:08 - CouponNotifier - INFO - Procesando: The feeling you look forward to at night... (Remitente: Takasa <hello@takasa.co>)
2026-01-25 17:14:08 - CouponNotifier - INFO - Cupón encontrado: UCAWOQ2SYSZ08BGNBWWKA8FG - Tienda: Takasa (confianza: 0.56)
2026-01-25 17:14:08 - CouponNotifier - INFO - Procesando: ALL FOR LOVE... (Remitente: The M Jewelers <contact@themjewelersny.com>)
2026-01-25 17:14:08 - CouponNotifier - INFO - Procesando: NEW DROP: Modern Power Dressing... (Remitente: Naked Wardrobe <info@nakedwardrobe.com>)
2026-01-25 17:14:08 - CouponNotifier - INFO - Cupón encontrado: 2306AE - Tienda: Naked Wardrobe (confianza: 0.56)
2026-01-25 17:14:08 - CouponNotifier - INFO - Procesando: You've Been Selected to Receive Milk Street Magazi... (Remitente: Christopher Kimball <chriskimball@177milkstreet.com>)
2026-01-25 17:14:08 - CouponNotifier - INFO - Cupón encontrado: DE8728239157AC - Tienda: Christopher Kimball (confianza: 0.56)
2026-01-25 17:14:09 - CouponNotifier - INFO - Procesando: "Organic" doesn't need to come with a lecture.... (Remitente: Fresh Roasted Coffee <info@freshroastedcoffee.com>)
2026-01-25 17:14:09 - CouponNotifier - INFO - Procesando: The last soup menu of the season is here 🍲... (Remitente: Beehive Meals <hello@beehivemeals.com>)
2026-01-25 17:14:09 - CouponNotifier - INFO - Cupón encontrado: RTVAQC289D - Tienda: Beehive Meals (confianza: 0.56)
2026-01-25 17:14:09 - CouponNotifier - INFO - Procesando: get this for 50% OFF...code inside... (Remitente: Hoop Culture <info@hoopculture.com>)
2026-01-25 17:14:09 - CouponNotifier - INFO - Cupón encontrado: DCCC612C - Tienda: Hoop Culture (confianza: 0.56)
2026-01-25 17:14:09 - CouponNotifier - INFO - Procesando: Flash Sale: 50+ All New Designs!... (Remitente: "Rhythm & Beat" <support@rhythmandbeat.com>)
2026-01-25 17:14:09 - CouponNotifier - INFO - Cupón encontrado: 1343KJPANRW - Tienda: Rhythm & Beat (confianza: 0.56)
2026-01-25 17:14:10 - CouponNotifier - INFO - Procesando: FREE foundation today only (I'm not joking)... (Remitente: Luxe Cosmetics US <info@luxe-cosmetics.com>)
2026-01-25 17:14:10 - CouponNotifier - INFO - Cupón encontrado: QYOWACDGV5-6WOX5AOZXZW - Tienda: Luxe Cosmetics US (confianza: 0.56)
2026-01-25 17:14:10 - CouponNotifier - INFO - Escaneo completado. Encontrados 0 cupones nuevos
2026-01-25 17:16:48 - CouponNotifier - INFO - Iniciando escaneo de correos...
2026-01-25 17:16:48 - CouponNotifier - INFO - Encontrados 15 correos
2026-01-25 17:16:48 - CouponNotifier - INFO - Procesando: sa... (Remitente: Moises_01 <jaiverolivera@gmail.com>)
2026-01-25 17:16:48 - CouponNotifier - INFO - Procesando: Flash Sunday Sale — use code 15PERCENTOFF to enjoy... (Remitente: WezTeck <store+55226925252@g.shopifyemail.com>)
2026-01-25 17:16:48 - CouponNotifier - INFO - Procesando: NEW deals at Big Bear Wine & Liquor 1/25 - 1/31... (Remitente: "Big Bear Wine & Liquor" <do-not-reply@cityhive.net>)
2026-01-25 17:16:49 - CouponNotifier - INFO - Procesando: Radiate Confidence ✨👟... (Remitente: IDA <hello@idasports.com>)
2026-01-25 17:16:49 - CouponNotifier - INFO - Cupón encontrado: CS703 - Tienda: IDA (confianza: 0.56)
2026-01-25 17:16:49 - CouponNotifier - INFO - Procesando: Re: sa... (Remitente: Moises_01 <jaiverolivera@gmail.com>)
2026-01-25 17:16:49 - CouponNotifier - INFO - Procesando: sa... (Remitente: Moises_01 <jaiverolivera@gmail.com>)
2026-01-25 17:16:49 - CouponNotifier - INFO - Procesando: Spring Bags Have Entered the Chat 🌸... (Remitente: K Marie Boutique <karen@shopkmarieboutique.com>)
2026-01-25 17:16:49 - CouponNotifier - INFO - Cupón encontrado: 1KFNZP0ME4J64QHN8V71W001X - Tienda: K Marie Boutique (confianza: 0.56)
2026-01-25 17:16:49 - CouponNotifier - INFO - Procesando: The feeling you look forward to at night... (Remitente: Takasa <hello@takasa.co>)
2026-01-25 17:16:49 - CouponNotifier - INFO - Cupón encontrado: UCAWOQ2SYSZ08BGNBWWKA8FG - Tienda: Takasa (confianza: 0.56)
2026-01-25 17:16:50 - CouponNotifier - INFO - Procesando: ALL FOR LOVE... (Remitente: The M Jewelers <contact@themjewelersny.com>)
2026-01-25 17:16:50 - CouponNotifier - INFO - Procesando: NEW DROP: Modern Power Dressing... (Remitente: Naked Wardrobe <info@nakedwardrobe.com>)
2026-01-25 17:16:50 - CouponNotifier - INFO - Cupón encontrado: 2306AE - Tienda: Naked Wardrobe (confianza: 0.56)
2026-01-25 17:16:50 - CouponNotifier - INFO - Procesando: You've Been Selected to Receive Milk Street Magazi... (Remitente: Christopher Kimball <chriskimball@177milkstreet.com>)
2026-01-25 17:16:50 - CouponNotifier - INFO - Cupón encontrado: DE8728239157AC - Tienda: Christopher Kimball (confianza: 0.56)
2026-01-25 17:16:50 - CouponNotifier - INFO - Procesando: "Organic" doesn't need to come with a lecture.... (Remitente: Fresh Roasted Coffee <info@freshroastedcoffee.com>)
2026-01-25 17:16:50 - CouponNotifier - INFO - Procesando: The last soup menu of the season is here 🍲... (Remitente: Beehive Meals <hello@beehivemeals.com>)
2026-01-25 17:16:50 - CouponNotifier - INFO - Cupón encontrado: RTVAQC289D - Tienda: Beehive Meals (confianza: 0.56)
2026-01-25 17:16:51 - CouponNotifier - INFO - Procesando: get this for 50% OFF...code inside... (Remitente: Hoop Culture <info@hoopculture.com>)
2026-01-25 17:16:51 - CouponNotifier - INFO - Cupón encontrado: DCCC612C - Tienda: Hoop Culture (confianza: 0.56)
2026-01-25 17:16:51 - CouponNotifier - INFO - Procesando: Flash Sale: 50+ All New Designs!... (Remitente: "Rhythm & Beat" <support@rhythmandbeat.com>)
2026-01-25 17:16:51 - CouponNotifier - INFO - Cupón encontrado: 1343KJPANRW - Tienda: Rhythm & Beat (confianza: 0.56)
2026-01-25 17:16:51 - CouponNotifier - INFO - Escaneo completado. Encontrados 0 cupones nuevos
2026-01-25 17:22:17 - CouponNotifier - INFO - Conexión a base de datos cerrada
2026-02-03 08:23:09 - CouponNotifier - INFO - Tablas de base de datos creadas/verificadas
2026-02-03 08:23:10 - CouponNotifier - INFO - Aplicación iniciada correctamente
2026-02-03 08:23:23 - CouponNotifier - ERROR - Error obteniendo tokens: Client secrets must be for a web or installed app.
2026-02-03 08:30:59 - CouponNotifier - INFO - Conexión a base de datos cerrada
2026-02-03 08:46:45 - CouponNotifier - INFO - Modo sin scikit-learn: usando reglas heurísticas mejoradas
2026-02-03 08:46:45 - CouponNotifier - WARNING - win10toast/plyer no instalado. Las notificaciones estarán desactivadas.
2026-02-03 08:46:45 - CouponNotifier - WARNING - Instala con: pip install win10toast
2026-02-03 08:46:45 - CouponNotifier - INFO - Tablas de base de datos creadas/verificadas
2026-02-03 08:46:46 - CouponNotifier - INFO - Aplicación iniciada correctamente
2026-02-03 08:46:55 - CouponNotifier - INFO - Conexión a base de datos cerrada
2026-02-03 08:53:26 - CouponNotifier - INFO - Modo sin scikit-learn: usando reglas heurísticas mejoradas
2026-02-03 08:53:26 - CouponNotifier - WARNING - win10toast/plyer no instalado. Las notificaciones estarán desactivadas.
2026-02-03 08:53:26 - CouponNotifier - WARNING - Instala con: pip install win10toast
2026-02-03 08:53:26 - CouponNotifier - INFO - Tablas de base de datos creadas/verificadas
2026-02-03 08:53:27 - CouponNotifier - INFO - Aplicación iniciada correctamente
2026-02-03 08:53:38 - CouponNotifier - ERROR - Error obteniendo tokens: No se seleccionó archivo credentials.json
2026-02-03 08:53:38 - CouponNotifier - ERROR - Error en configuración Gmail: No se seleccionó archivo credentials.json
2026-02-03 08:53:50 - CouponNotifier - ERROR - Error obteniendo tokens: Client secrets must be for a web or installed app.
2026-02-03 08:53:50 - CouponNotifier - ERROR - Error en configuración Gmail: Client secrets must be for a web or installed app.
2026-02-03 08:55:18 - CouponNotifier - ERROR - Error obteniendo tokens: [WinError 10013] Intento de acceso a un socket no permitido por sus permisos de acceso
2026-02-03 08:55:18 - CouponNotifier - ERROR - Error en configuración Gmail: [WinError 10013] Intento de acceso a un socket no permitido por sus permisos de acceso
2026-02-03 08:55:34 - CouponNotifier - INFO - Configuración actualizada: intervalo_minutos
2026-02-03 08:56:13 - CouponNotifier - INFO - Modo sin scikit-learn: usando reglas heurísticas mejoradas
2026-02-03 08:56:13 - CouponNotifier - WARNING - win10toast/plyer no instalado. Las notificaciones estarán desactivadas.
2026-02-03 08:56:13 - CouponNotifier - WARNING - Instala con: pip install win10toast
2026-02-03 08:56:13 - CouponNotifier - INFO - Tablas de base de datos creadas/verificadas
2026-02-03 08:56:14 - CouponNotifier - INFO - Aplicación iniciada correctamente
2026-02-03 08:58:09 - CouponNotifier - INFO - Modo sin scikit-learn: usando reglas heurísticas mejoradas
2026-02-03 08:58:09 - CouponNotifier - WARNING - win10toast/plyer no instalado. Las notificaciones estarán desactivadas.
2026-02-03 08:58:09 - CouponNotifier - WARNING - Instala con: pip install win10toast
2026-02-03 08:58:09 - CouponNotifier - INFO - Tablas de base de datos creadas/verificadas
2026-02-03 08:58:10 - CouponNotifier - INFO - Aplicación iniciada correctamente
2026-02-03 08:58:25 - CouponNotifier - INFO - Tokens obtenidos exitosamente
2026-02-03 08:58:25 - CouponNotifier - INFO - Configuración actualizada: client_id, client_secret, refresh_token, user_email
2026-02-03 08:58:27 - CouponNotifier - INFO - Configuración actualizada: intervalo_minutos
2026-02-03 09:00:39 - CouponNotifier - INFO - Modo sin scikit-learn: usando reglas heurísticas mejoradas
2026-02-03 09:00:39 - CouponNotifier - WARNING - win10toast/plyer no instalado. Las notificaciones estarán desactivadas.
2026-02-03 09:00:39 - CouponNotifier - WARNING - Instala con: pip install win10toast
2026-02-03 09:00:39 - CouponNotifier - INFO - Tablas de base de datos creadas/verificadas
2026-02-03 09:00:40 - CouponNotifier - INFO - Aplicación iniciada correctamente
2026-02-03 09:01:17 - CouponNotifier - INFO - Tokens obtenidos exitosamente
2026-02-03 09:01:17 - CouponNotifier - INFO - Configuración actualizada: client_id, client_secret, refresh_token
2026-02-03 09:01:19 - CouponNotifier - ERROR - Error obteniendo tokens: No se seleccionó archivo credentials.json
2026-02-03 09:01:19 - CouponNotifier - ERROR - Error en configuración Gmail: No se seleccionó archivo credentials.json
2026-02-03 09:01:28 - CouponNotifier - ERROR - Error obteniendo tokens: No se seleccionó archivo credentials.json
2026-02-03 09:01:28 - CouponNotifier - ERROR - Error en configuración Gmail: No se seleccionó archivo credentials.json
2026-02-03 09:01:40 - CouponNotifier - INFO - Modo sin scikit-learn: usando reglas heurísticas mejoradas
2026-02-03 09:01:40 - CouponNotifier - WARNING - win10toast/plyer no instalado. Las notificaciones estarán desactivadas.
2026-02-03 09:01:40 - CouponNotifier - WARNING - Instala con: pip install win10toast
2026-02-03 09:01:40 - CouponNotifier - INFO - Tablas de base de datos creadas/verificadas
2026-02-03 09:01:41 - CouponNotifier - INFO - Aplicación iniciada correctamente
2026-02-03 09:02:17 - CouponNotifier - INFO - Tokens obtenidos exitosamente
2026-02-03 09:02:17 - CouponNotifier - INFO - Configuración actualizada: client_id, client_secret, refresh_token, user_email
2026-02-03 09:02:23 - CouponNotifier - INFO - Iniciando escaneo de correos...
2026-02-03 09:02:24 - CouponNotifier - INFO - Autenticado como: correoparaplatad@gmail.com
2026-02-03 09:02:24 - CouponNotifier - INFO - Encontrados 15 correos
2026-02-03 09:02:24 - CouponNotifier - INFO - Procesando: A&H Mastermind - February Edition⚽... (Remitente: "A&H International" <support@referee-equipment.com>)
2026-02-03 09:02:25 - CouponNotifier - INFO - Procesando: Re: 50% Off These Items for V-Day 💖✨... (Remitente: Carter Wear <customerservice@carterwear.com>)
2026-02-03 09:02:25 - CouponNotifier - INFO - Procesando: Your order is ready to ship... (Remitente: Rhythm and Beat <support@rhythmandbeat.com>)
2026-02-03 09:02:25 - CouponNotifier - INFO - Cupón encontrado: WN8M9RBZYPDELKNJ5SFMC4G - Tienda: Rhythm and Beat (confianza: 0.56)
2026-02-03 09:02:25 - CouponNotifier - INFO - Cupón agregado: WN8M9RBZYPDELKNJ5SFMC4G - Rhythm and Beat (confianza: 0.56)
2026-02-03 09:02:25 - CouponNotifier - INFO - Procesando: FREE underwear...seriously! ✨... (Remitente: JunoActive <marketing@junoactive.com>)
2026-02-03 09:02:25 - CouponNotifier - INFO - Cupón encontrado: MONDAY-FRIDAY10AM - Tienda: JunoActive (confianza: 0.56)
2026-02-03 09:02:25 - CouponNotifier - INFO - Cupón agregado: MONDAY-FRIDAY10AM - JunoActive (confianza: 0.56)
2026-02-03 09:02:25 - CouponNotifier - INFO - Procesando: FREE Stability Chair? Yes, Please!... (Remitente: Best Gym Equipment <info@bestgymequipment.co.uk>)
2026-02-03 09:02:25 - CouponNotifier - INFO - Procesando: Your 50% Off code expires tonight... (Remitente: ScanCafe <help@scancafe.com>)
2026-02-03 09:02:25 - CouponNotifier - INFO - Cupón encontrado: CART50 - Tienda: ScanCafe (confianza: 0.66)
2026-02-03 09:02:25 - CouponNotifier - INFO - Cupón agregado: CART50 - ScanCafe (confianza: 0.66)
2026-02-03 09:02:26 - CouponNotifier - INFO - Procesando: Better Together. Ride Together.... (Remitente: Darevie <store+51310362802@g.shopifyemail.com>)
2026-02-03 09:02:26 - CouponNotifier - INFO - Procesando: Open Your Winter Shipping Offer!... (Remitente: Detailed Image <newsletter@detailedimage.com>)
2026-02-03 09:02:26 - CouponNotifier - INFO - Cupón encontrado: COPYRIGHT2026DETAILED - Tienda: Detailed Image (confianza: 0.56)
2026-02-03 09:02:26 - CouponNotifier - INFO - Cupón agregado: COPYRIGHT2026DETAILED - Detailed Image (confianza: 0.56)
2026-02-03 09:02:26 - CouponNotifier - INFO - Procesando: There’s no limit to your love story... (Remitente: Mixbook <mixbook@eml.mixbook.com>)
2026-02-03 09:02:26 - CouponNotifier - INFO - Cupón encontrado: 2000BROADWAY - Tienda: Mixbook (confianza: 0.56)
2026-02-03 09:02:26 - CouponNotifier - INFO - Cupón agregado: 2000BROADWAY - Mixbook (confianza: 0.56)
2026-02-03 09:02:26 - CouponNotifier - INFO - Procesando: 🌙 See the stars with our Astro gear 🌟... (Remitente: Park Cameras <newsletter@email.parkcameras.com>)
2026-02-03 09:02:26 - CouponNotifier - INFO - Procesando: dull skin's worst nightmare... (Remitente: Pacifica Beauty <hello@pacificabeauty.com>)
2026-02-03 09:02:26 - CouponNotifier - INFO - Procesando: Style Secrets Revealed... (Remitente: SHEIN <shein@email.us.shein.com>)
2026-02-03 09:02:27 - CouponNotifier - INFO - Procesando: CLOSING DOWN... (Remitente: "Caravan Bits & Bobs" <store+44626968742@g.shopifyemail.com>)
2026-02-03 09:02:27 - CouponNotifier - INFO - Procesando: Mask. Roll. Repeat. 😎 Up to 25% OFF... (Remitente: Paint Access <trade@paintaccess.com.au>)
2026-02-03 09:02:27 - CouponNotifier - INFO - Procesando: Building on a legacy... (Remitente: Vivobarefoot Australia <cs-australia@vivobarefoot.com>)
2026-02-03 09:02:27 - CouponNotifier - INFO - Cupón encontrado: 2026VIVOBAREFOOTAUSTRALIA - Tienda: Vivobarefoot Australia (confianza: 0.56)
2026-02-03 09:02:27 - CouponNotifier - INFO - Cupón agregado: 2026VIVOBAREFOOTAUSTRALIA - Vivobarefoot Australia (confianza: 0.56)
2026-02-03 09:02:27 - CouponNotifier - INFO - Escaneo completado. Encontrados 6 cupones nuevos
2026-02-03 09:14:14 - CouponNotifier - INFO - Iniciando escaneo de correos...
2026-02-03 09:14:15 - CouponNotifier - INFO - Encontrados 15 correos
2026-02-03 09:14:15 - CouponNotifier - INFO - Procesando: A&H Mastermind - February Edition⚽... (Remitente: "A&H International" <support@referee-equipment.com>)
2026-02-03 09:14:15 - CouponNotifier - INFO - Procesando: Re: 50% Off These Items for V-Day 💖✨... (Remitente: Carter Wear <customerservice@carterwear.com>)
2026-02-03 09:14:15 - CouponNotifier - INFO - Procesando: Your order is ready to ship... (Remitente: Rhythm and Beat <support@rhythmandbeat.com>)
2026-02-03 09:14:15 - CouponNotifier - INFO - Cupón encontrado: WN8M9RBZYPDELKNJ5SFMC4G - Tienda: Rhythm and Beat (confianza: 0.56)
2026-02-03 09:14:15 - CouponNotifier - INFO - Procesando: FREE underwear...seriously! ✨... (Remitente: JunoActive <marketing@junoactive.com>)
2026-02-03 09:14:15 - CouponNotifier - INFO - Cupón encontrado: MONDAY-FRIDAY10AM - Tienda: JunoActive (confianza: 0.56)
2026-02-03 09:14:16 - CouponNotifier - INFO - Procesando: FREE Stability Chair? Yes, Please!... (Remitente: Best Gym Equipment <info@bestgymequipment.co.uk>)
2026-02-03 09:14:16 - CouponNotifier - INFO - Procesando: Your 50% Off code expires tonight... (Remitente: ScanCafe <help@scancafe.com>)
2026-02-03 09:14:16 - CouponNotifier - INFO - Cupón encontrado: CART50 - Tienda: ScanCafe (confianza: 0.66)
2026-02-03 09:14:16 - CouponNotifier - INFO - Procesando: Better Together. Ride Together.... (Remitente: Darevie <store+51310362802@g.shopifyemail.com>)
2026-02-03 09:14:16 - CouponNotifier - INFO - Procesando: Open Your Winter Shipping Offer!... (Remitente: Detailed Image <newsletter@detailedimage.com>)
2026-02-03 09:14:16 - CouponNotifier - INFO - Cupón encontrado: COPYRIGHT2026DETAILED - Tienda: Detailed Image (confianza: 0.56)
2026-02-03 09:14:16 - CouponNotifier - INFO - Procesando: There’s no limit to your love story... (Remitente: Mixbook <mixbook@eml.mixbook.com>)
2026-02-03 09:14:16 - CouponNotifier - INFO - Cupón encontrado: 2000BROADWAY - Tienda: Mixbook (confianza: 0.56)
2026-02-03 09:14:16 - CouponNotifier - INFO - Procesando: 🌙 See the stars with our Astro gear 🌟... (Remitente: Park Cameras <newsletter@email.parkcameras.com>)
2026-02-03 09:14:17 - CouponNotifier - INFO - Procesando: dull skin's worst nightmare... (Remitente: Pacifica Beauty <hello@pacificabeauty.com>)
2026-02-03 09:14:17 - CouponNotifier - INFO - Procesando: Style Secrets Revealed... (Remitente: SHEIN <shein@email.us.shein.com>)
2026-02-03 09:14:17 - CouponNotifier - INFO - Procesando: CLOSING DOWN... (Remitente: "Caravan Bits & Bobs" <store+44626968742@g.shopifyemail.com>)
2026-02-03 09:14:17 - CouponNotifier - INFO - Procesando: Mask. Roll. Repeat. 😎 Up to 25% OFF... (Remitente: Paint Access <trade@paintaccess.com.au>)
2026-02-03 09:14:17 - CouponNotifier - INFO - Procesando: Building on a legacy... (Remitente: Vivobarefoot Australia <cs-australia@vivobarefoot.com>)
2026-02-03 09:14:17 - CouponNotifier - INFO - Cupón encontrado: 2026VIVOBAREFOOTAUSTRALIA - Tienda: Vivobarefoot Australia (confianza: 0.56)
2026-02-03 09:14:17 - CouponNotifier - INFO - Escaneo completado. Encontrados 0 cupones nuevos
2026-02-03 09:14:28 - CouponNotifier - INFO - Iniciando escaneo de correos...
2026-02-03 09:14:28 - CouponNotifier - INFO - Encontrados 15 correos
2026-02-03 09:14:28 - CouponNotifier - INFO - Procesando: A&H Mastermind - February Edition⚽... (Remitente: "A&H International" <support@referee-equipment.com>)
2026-02-03 09:14:28 - CouponNotifier - INFO - Procesando: Re: 50% Off These Items for V-Day 💖✨... (Remitente: Carter Wear <customerservice@carterwear.com>)
2026-02-03 09:14:29 - CouponNotifier - INFO - Procesando: Your order is ready to ship... (Remitente: Rhythm and Beat <support@rhythmandbeat.com>)
2026-02-03 09:14:29 - CouponNotifier - INFO - Cupón encontrado: WN8M9RBZYPDELKNJ5SFMC4G - Tienda: Rhythm and Beat (confianza: 0.56)
2026-02-03 09:14:29 - CouponNotifier - INFO - Procesando: FREE underwear...seriously! ✨... (Remitente: JunoActive <marketing@junoactive.com>)
2026-02-03 09:14:29 - CouponNotifier - INFO - Cupón encontrado: MONDAY-FRIDAY10AM - Tienda: JunoActive (confianza: 0.56)
2026-02-03 09:14:29 - CouponNotifier - INFO - Procesando: FREE Stability Chair? Yes, Please!... (Remitente: Best Gym Equipment <info@bestgymequipment.co.uk>)
2026-02-03 09:14:29 - CouponNotifier - INFO - Procesando: Your 50% Off code expires tonight... (Remitente: ScanCafe <help@scancafe.com>)
2026-02-03 09:14:29 - CouponNotifier - INFO - Cupón encontrado: CART50 - Tienda: ScanCafe (confianza: 0.66)
2026-02-03 09:14:29 - CouponNotifier - INFO - Procesando: Better Together. Ride Together.... (Remitente: Darevie <store+51310362802@g.shopifyemail.com>)
2026-02-03 09:14:29 - CouponNotifier - INFO - Procesando: Open Your Winter Shipping Offer!... (Remitente: Detailed Image <newsletter@detailedimage.com>)
2026-02-03 09:14:29 - CouponNotifier - INFO - Cupón encontrado: COPYRIGHT2026DETAILED - Tienda: Detailed Image (confianza: 0.56)
2026-02-03 09:14:30 - CouponNotifier - INFO - Procesando: There’s no limit to your love story... (Remitente: Mixbook <mixbook@eml.mixbook.com>)
2026-02-03 09:14:30 - CouponNotifier - INFO - Cupón encontrado: 2000BROADWAY - Tienda: Mixbook (confianza: 0.56)
2026-02-03 09:14:30 - CouponNotifier - INFO - Procesando: 🌙 See the stars with our Astro gear 🌟... (Remitente: Park Cameras <newsletter@email.parkcameras.com>)
2026-02-03 09:14:30 - CouponNotifier - INFO - Procesando: dull skin's worst nightmare... (Remitente: Pacifica Beauty <hello@pacificabeauty.com>)
2026-02-03 09:14:30 - CouponNotifier - INFO - Procesando: Style Secrets Revealed... (Remitente: SHEIN <shein@email.us.shein.com>)
2026-02-03 09:14:30 - CouponNotifier - INFO - Procesando: CLOSING DOWN... (Remitente: "Caravan Bits & Bobs" <store+44626968742@g.shopifyemail.com>)
2026-02-03 09:14:30 - CouponNotifier - INFO - Procesando: Mask. Roll. Repeat. 😎 Up to 25% OFF... (Remitente: Paint Access <trade@paintaccess.com.au>)
2026-02-03 09:14:30 - CouponNotifier - INFO - Procesando: Building on a legacy... (Remitente: Vivobarefoot Australia <cs-australia@vivobarefoot.com>)
2026-02-03 09:14:30 - CouponNotifier - INFO - Cupón encontrado: 2026VIVOBAREFOOTAUSTRALIA - Tienda: Vivobarefoot Australia (confianza: 0.56)
2026-02-03 09:14:31 - CouponNotifier - INFO - Escaneo completado. Encontrados 0 cupones nuevos
2026-02-03 09:19:44 - CouponNotifier - INFO - Modo sin scikit-learn: usando reglas heurísticas mejoradas
2026-02-03 09:19:44 - CouponNotifier - WARNING - win10toast/plyer no instalado. Las notificaciones estarán desactivadas.
2026-02-03 09:19:44 - CouponNotifier - WARNING - Instala con: pip install win10toast
2026-02-03 09:19:45 - CouponNotifier - INFO - Tablas de base de datos creadas/verificadas
2026-02-03 09:19:45 - CouponNotifier - INFO - Aplicación iniciada correctamente
2026-02-03 09:19:46 - CouponNotifier - INFO - Iniciando escaneo de correos...
2026-02-03 09:19:47 - CouponNotifier - INFO - Autenticado como: correoparaplatad@gmail.com
2026-02-03 09:19:47 - CouponNotifier - INFO - Encontrados 15 correos
2026-02-03 09:19:48 - CouponNotifier - INFO - Procesando: Valentine’s Day Picks: Bright Bags & Shoes... (Remitente: KARL LAGERFELD PARIS <Karllagerfeldparis@email.karllagerfeldparis.com>)
2026-02-03 09:19:48 - CouponNotifier - INFO - Cupón encontrado: PREVI0USPURCHASES - Tienda: KARL LAGERFELD PARIS (confianza: 0.62)
2026-02-03 09:19:48 - CouponNotifier - INFO - Cupón agregado: PREVI0USPURCHASES - KARL LAGERFELD PARIS (confianza: 0.62)
2026-02-03 09:19:48 - CouponNotifier - INFO - Procesando: A&H Mastermind - February Edition⚽... (Remitente: "A&H International" <support@referee-equipment.com>)
2026-02-03 09:19:48 - CouponNotifier - INFO - Procesando: Re: 50% Off These Items for V-Day 💖✨... (Remitente: Carter Wear <customerservice@carterwear.com>)
2026-02-03 09:19:48 - CouponNotifier - INFO - Procesando: Your order is ready to ship... (Remitente: Rhythm and Beat <support@rhythmandbeat.com>)
2026-02-03 09:19:48 - CouponNotifier - INFO - Cupón encontrado: PR0TECTY0URINF0RMATI0N - Tienda: Rhythm and Beat (confianza: 0.62)
2026-02-03 09:19:48 - CouponNotifier - INFO - Cupón agregado: PR0TECTY0URINF0RMATI0N - Rhythm and Beat (confianza: 0.62)
2026-02-03 09:19:48 - CouponNotifier - INFO - Procesando: FREE underwear...seriously! ✨... (Remitente: JunoActive <marketing@junoactive.com>)
2026-02-03 09:19:48 - CouponNotifier - INFO - Cupón encontrado: PR0M0C0DEVALID - Tienda: JunoActive (confianza: 0.66)
2026-02-03 09:19:48 - CouponNotifier - INFO - Cupón agregado: PR0M0C0DEVALID - JunoActive (confianza: 0.66)
2026-02-03 09:19:49 - CouponNotifier - INFO - Procesando: FREE Stability Chair? Yes, Please!... (Remitente: Best Gym Equipment <info@bestgymequipment.co.uk>)
2026-02-03 09:19:49 - CouponNotifier - INFO - Procesando: Your 50% Off code expires tonight... (Remitente: ScanCafe <help@scancafe.com>)
2026-02-03 09:19:49 - CouponNotifier - INFO - Cupón encontrado: Y0URSPECIALC0DE - Tienda: ScanCafe (confianza: 0.66)
2026-02-03 09:19:49 - CouponNotifier - INFO - Cupón agregado: Y0URSPECIALC0DE - ScanCafe (confianza: 0.66)
2026-02-03 09:19:49 - CouponNotifier - INFO - Procesando: Better Together. Ride Together.... (Remitente: Darevie <store+51310362802@g.shopifyemail.com>)
2026-02-03 09:19:49 - CouponNotifier - INFO - Procesando: Open Your Winter Shipping Offer!... (Remitente: Detailed Image <newsletter@detailedimage.com>)
2026-02-03 09:19:49 - CouponNotifier - INFO - Cupón encontrado: Y0URWINTERSHIPPING - Tienda: Detailed Image (confianza: 0.62)
2026-02-03 09:19:49 - CouponNotifier - INFO - Cupón agregado: Y0URWINTERSHIPPING - Detailed Image (confianza: 0.62)
2026-02-03 09:19:49 - CouponNotifier - INFO - Procesando: There’s no limit to your love story... (Remitente: Mixbook <mixbook@eml.mixbook.com>)
2026-02-03 09:19:49 - CouponNotifier - INFO - Cupón encontrado: DISC0UNTEDPAGESAPPLY - Tienda: Mixbook (confianza: 0.62)
2026-02-03 09:19:49 - CouponNotifier - INFO - Cupón agregado: DISC0UNTEDPAGESAPPLY - Mixbook (confianza: 0.62)
2026-02-03 09:19:50 - CouponNotifier - INFO - Procesando: 🌙 See the stars with our Astro gear 🌟... (Remitente: Park Cameras <newsletter@email.parkcameras.com>)
2026-02-03 09:19:50 - CouponNotifier - INFO - Procesando: dull skin's worst nightmare... (Remitente: Pacifica Beauty <hello@pacificabeauty.com>)
2026-02-03 09:19:50 - CouponNotifier - INFO - Procesando: Style Secrets Revealed... (Remitente: SHEIN <shein@email.us.shein.com>)
2026-02-03 09:19:50 - CouponNotifier - INFO - Procesando: CLOSING DOWN... (Remitente: "Caravan Bits & Bobs" <store+44626968742@g.shopifyemail.com>)
2026-02-03 09:19:50 - CouponNotifier - INFO - Procesando: Mask. Roll. Repeat. 😎 Up to 25% OFF... (Remitente: Paint Access <trade@paintaccess.com.au>)
2026-02-03 09:19:50 - CouponNotifier - INFO - Escaneo completado. Encontrados 6 cupones nuevos
2026-02-03 09:19:54 - CouponNotifier - INFO - Iniciando escaneo de correos...
2026-02-03 09:19:55 - CouponNotifier - INFO - Encontrados 15 correos
2026-02-03 09:19:55 - CouponNotifier - INFO - Procesando: Valentine’s Day Picks: Bright Bags & Shoes... (Remitente: KARL LAGERFELD PARIS <Karllagerfeldparis@email.karllagerfeldparis.com>)
2026-02-03 09:19:55 - CouponNotifier - INFO - Cupón encontrado: PREVI0USPURCHASES - Tienda: KARL LAGERFELD PARIS (confianza: 0.62)
2026-02-03 09:19:55 - CouponNotifier - INFO - Procesando: A&H Mastermind - February Edition⚽... (Remitente: "A&H International" <support@referee-equipment.com>)
2026-02-03 09:19:55 - CouponNotifier - INFO - Procesando: Re: 50% Off These Items for V-Day 💖✨... (Remitente: Carter Wear <customerservice@carterwear.com>)
2026-02-03 09:19:55 - CouponNotifier - INFO - Procesando: Your order is ready to ship... (Remitente: Rhythm and Beat <support@rhythmandbeat.com>)
2026-02-03 09:19:55 - CouponNotifier - INFO - Cupón encontrado: PR0TECTY0URINF0RMATI0N - Tienda: Rhythm and Beat (confianza: 0.62)
2026-02-03 09:19:55 - CouponNotifier - INFO - Procesando: FREE underwear...seriously! ✨... (Remitente: JunoActive <marketing@junoactive.com>)
2026-02-03 09:19:55 - CouponNotifier - INFO - Cupón encontrado: PR0M0C0DEVALID - Tienda: JunoActive (confianza: 0.66)
2026-02-03 09:19:56 - CouponNotifier - INFO - Procesando: FREE Stability Chair? Yes, Please!... (Remitente: Best Gym Equipment <info@bestgymequipment.co.uk>)
2026-02-03 09:19:56 - CouponNotifier - INFO - Procesando: Your 50% Off code expires tonight... (Remitente: ScanCafe <help@scancafe.com>)
2026-02-03 09:19:56 - CouponNotifier - INFO - Cupón encontrado: Y0URSPECIALC0DE - Tienda: ScanCafe (confianza: 0.66)
2026-02-03 09:19:56 - CouponNotifier - INFO - Procesando: Better Together. Ride Together.... (Remitente: Darevie <store+51310362802@g.shopifyemail.com>)
2026-02-03 09:19:56 - CouponNotifier - INFO - Procesando: Open Your Winter Shipping Offer!... (Remitente: Detailed Image <newsletter@detailedimage.com>)
2026-02-03 09:19:56 - CouponNotifier - INFO - Cupón encontrado: Y0URWINTERSHIPPING - Tienda: Detailed Image (confianza: 0.62)
2026-02-03 09:19:56 - CouponNotifier - INFO - Procesando: There’s no limit to your love story... (Remitente: Mixbook <mixbook@eml.mixbook.com>)
2026-02-03 09:19:56 - CouponNotifier - INFO - Cupón encontrado: DISC0UNTEDPAGESAPPLY - Tienda: Mixbook (confianza: 0.62)
2026-02-03 09:19:56 - CouponNotifier - INFO - Procesando: 🌙 See the stars with our Astro gear 🌟... (Remitente: Park Cameras <newsletter@email.parkcameras.com>)
2026-02-03 09:19:57 - CouponNotifier - INFO - Procesando: dull skin's worst nightmare... (Remitente: Pacifica Beauty <hello@pacificabeauty.com>)
2026-02-03 09:19:57 - CouponNotifier - INFO - Procesando: Style Secrets Revealed... (Remitente: SHEIN <shein@email.us.shein.com>)
2026-02-03 09:19:57 - CouponNotifier - INFO - Procesando: CLOSING DOWN... (Remitente: "Caravan Bits & Bobs" <store+44626968742@g.shopifyemail.com>)
2026-02-03 09:19:57 - CouponNotifier - INFO - Procesando: Mask. Roll. Repeat. 😎 Up to 25% OFF... (Remitente: Paint Access <trade@paintaccess.com.au>)
2026-02-03 09:19:57 - CouponNotifier - INFO - Escaneo completado. Encontrados 0 cupones nuevos
2026-02-03 09:23:32 - CouponNotifier - INFO - Aprendizaje: CART50 -> MIXED_6 (válido)
2026-02-03 09:23:32 - CouponNotifier - INFO - Cupón 12 marcado como válido
2026-02-03 09:24:44 - CouponNotifier - INFO - Modo sin scikit-learn: usando reglas heurísticas mejoradas
2026-02-03 09:24:44 - CouponNotifier - WARNING - win10toast/plyer no instalado. Las notificaciones estarán desactivadas.
2026-02-03 09:24:44 - CouponNotifier - WARNING - Instala con: pip install win10toast
2026-02-03 09:24:44 - CouponNotifier - INFO - Tablas de base de datos creadas/verificadas
2026-02-03 09:24:45 - CouponNotifier - INFO - Aplicación iniciada correctamente
2026-02-03 09:24:47 - CouponNotifier - INFO - Iniciando escaneo de correos...
2026-02-03 09:24:48 - CouponNotifier - INFO - Autenticado como: correoparaplatad@gmail.com
2026-02-03 09:24:48 - CouponNotifier - INFO - Encontrados 15 correos
2026-02-03 09:24:51 - CouponNotifier - INFO - Procesando: Valentine’s Day Picks: Bright Bags & Shoes... (Remitente: KARL LAGERFELD PARIS <Karllagerfeldparis@email.karllagerfeldparis.com>)
2026-02-03 09:24:51 - CouponNotifier - INFO - Cupón encontrado: PREVI0USPURCHASES - Tienda: KARL LAGERFELD PARIS (confianza: 0.62)
2026-02-03 09:24:51 - CouponNotifier - INFO - Cupón agregado: PREVI0USPURCHASES - KARL LAGERFELD PARIS (confianza: 0.62)
2026-02-03 09:24:51 - CouponNotifier - INFO - Procesando: A&H Mastermind - February Edition⚽... (Remitente: "A&H International" <support@referee-equipment.com>)
2026-02-03 09:24:51 - CouponNotifier - INFO - Procesando: Re: 50% Off These Items for V-Day 💖✨... (Remitente: Carter Wear <customerservice@carterwear.com>)
2026-02-03 09:24:51 - CouponNotifier - INFO - Procesando: Your order is ready to ship... (Remitente: Rhythm and Beat <support@rhythmandbeat.com>)
2026-02-03 09:24:51 - CouponNotifier - INFO - Cupón encontrado: PR0TECTY0URINF0RMATI0N - Tienda: Rhythm and Beat (confianza: 0.62)
2026-02-03 09:24:51 - CouponNotifier - INFO - Cupón agregado: PR0TECTY0URINF0RMATI0N - Rhythm and Beat (confianza: 0.62)
2026-02-03 09:24:51 - CouponNotifier - INFO - Procesando: FREE underwear...seriously! ✨... (Remitente: JunoActive <marketing@junoactive.com>)
2026-02-03 09:24:51 - CouponNotifier - INFO - Cupón encontrado: PR0M0C0DEVALID - Tienda: JunoActive (confianza: 0.66)
2026-02-03 09:24:51 - CouponNotifier - INFO - Cupón agregado: PR0M0C0DEVALID - JunoActive (confianza: 0.66)
2026-02-03 09:24:52 - CouponNotifier - INFO - Procesando: FREE Stability Chair? Yes, Please!... (Remitente: Best Gym Equipment <info@bestgymequipment.co.uk>)
2026-02-03 09:24:52 - CouponNotifier - INFO - Procesando: Your 50% Off code expires tonight... (Remitente: ScanCafe <help@scancafe.com>)
2026-02-03 09:24:52 - CouponNotifier - INFO - Cupón encontrado: CART50 - Tienda: ScanCafe (confianza: 0.94)
2026-02-03 09:24:52 - CouponNotifier - INFO - Cupón agregado: CART50 - ScanCafe (confianza: 0.94)
2026-02-03 09:24:52 - CouponNotifier - INFO - Procesando: Better Together. Ride Together.... (Remitente: Darevie <store+51310362802@g.shopifyemail.com>)
2026-02-03 09:24:52 - CouponNotifier - INFO - Procesando: Open Your Winter Shipping Offer!... (Remitente: Detailed Image <newsletter@detailedimage.com>)
2026-02-03 09:24:52 - CouponNotifier - INFO - Cupón encontrado: Y0URWINTERSHIPPING - Tienda: Detailed Image (confianza: 0.62)
2026-02-03 09:24:52 - CouponNotifier - INFO - Cupón agregado: Y0URWINTERSHIPPING - Detailed Image (confianza: 0.62)
2026-02-03 09:24:52 - CouponNotifier - INFO - Procesando: There’s no limit to your love story... (Remitente: Mixbook <mixbook@eml.mixbook.com>)
2026-02-03 09:24:52 - CouponNotifier - INFO - Cupón encontrado: DISC0UNTEDPAGESAPPLY - Tienda: Mixbook (confianza: 0.62)
2026-02-03 09:24:52 - CouponNotifier - INFO - Cupón agregado: DISC0UNTEDPAGESAPPLY - Mixbook (confianza: 0.62)
2026-02-03 09:24:52 - CouponNotifier - INFO - Procesando: 🌙 See the stars with our Astro gear 🌟... (Remitente: Park Cameras <newsletter@email.parkcameras.com>)
2026-02-03 09:24:53 - CouponNotifier - INFO - Procesando: dull skin's worst nightmare... (Remitente: Pacifica Beauty <hello@pacificabeauty.com>)
2026-02-03 09:24:53 - CouponNotifier - INFO - Procesando: Style Secrets Revealed... (Remitente: SHEIN <shein@email.us.shein.com>)
2026-02-03 09:24:53 - CouponNotifier - INFO - Procesando: CLOSING DOWN... (Remitente: "Caravan Bits & Bobs" <store+44626968742@g.shopifyemail.com>)
2026-02-03 09:24:53 - CouponNotifier - INFO - Procesando: Mask. Roll. Repeat. 😎 Up to 25% OFF... (Remitente: Paint Access <trade@paintaccess.com.au>)
2026-02-03 09:24:53 - CouponNotifier - INFO - Escaneo completado. Encontrados 6 cupones nuevos
2026-02-03 09:37:29 - CouponNotifier - INFO - Modo sin scikit-learn: usando reglas heurísticas mejoradas
2026-02-03 09:37:29 - CouponNotifier - WARNING - win10toast/plyer no instalado. Las notificaciones estarán desactivadas.
2026-02-03 09:37:29 - CouponNotifier - WARNING - Instala con: pip install win10toast
2026-02-03 09:37:29 - CouponNotifier - INFO - Tablas de base de datos creadas/verificadas
2026-02-03 09:37:30 - CouponNotifier - INFO - Aplicación iniciada correctamente
2026-02-03 09:42:02 - CouponNotifier - INFO - Modo sin scikit-learn: usando reglas heurísticas mejoradas
2026-02-03 09:42:02 - CouponNotifier - WARNING - win10toast/plyer no instalado. Las notificaciones estarán desactivadas.
2026-02-03 09:42:02 - CouponNotifier - WARNING - Instala con: pip install win10toast
2026-02-03 09:42:03 - CouponNotifier - INFO - Tablas de base de datos creadas/verificadas
2026-02-03 09:42:03 - CouponNotifier - INFO - Aplicación iniciada correctamente
2026-02-03 09:42:06 - CouponNotifier - INFO - Iniciando escaneo de correos...
2026-02-03 09:42:07 - CouponNotifier - INFO - Autenticado como: correoparaplatad@gmail.com
2026-02-03 09:42:07 - CouponNotifier - INFO - Encontrados 15 correos
2026-02-03 09:42:07 - CouponNotifier - INFO - Procesando: Valentine’s Day Picks: Bright Bags & Shoes... (Remitente: KARL LAGERFELD PARIS <Karllagerfeldparis@email.karllagerfeldparis.com>)
2026-02-03 09:42:07 - CouponNotifier - INFO - Cupón encontrado: COMB1NED - Tienda: KARL LAGERFELD PARIS (confianza: 0.73)
2026-02-03 09:42:08 - CouponNotifier - INFO - Procesando: A&H Mastermind - February Edition⚽... (Remitente: "A&H International" <support@referee-equipment.com>)
2026-02-03 09:42:08 - CouponNotifier - INFO - Procesando: Re: 50% Off These Items for V-Day 💖✨... (Remitente: Carter Wear <customerservice@carterwear.com>)
2026-02-03 09:42:08 - CouponNotifier - INFO - Procesando: Your order is ready to ship... (Remitente: Rhythm and Beat <support@rhythmandbeat.com>)
2026-02-03 09:42:08 - CouponNotifier - INFO - Cupón encontrado: CUST0MERSUPP0RT - Tienda: Rhythm and Beat (confianza: 0.72)
2026-02-03 09:42:08 - CouponNotifier - INFO - Procesando: FREE underwear...seriously! ✨... (Remitente: JunoActive <marketing@junoactive.com>)
2026-02-03 09:42:08 - CouponNotifier - INFO - Cupón encontrado: BUTTERCUP - Tienda: JunoActive (confianza: 0.52)
2026-02-03 09:42:09 - CouponNotifier - INFO - Procesando: FREE Stability Chair? Yes, Please!... (Remitente: Best Gym Equipment <info@bestgymequipment.co.uk>)
2026-02-03 09:42:09 - CouponNotifier - INFO - Procesando: Your 50% Off code expires tonight... (Remitente: ScanCafe <help@scancafe.com>)
2026-02-03 09:42:09 - CouponNotifier - INFO - Cupón encontrado: USEDY0URSPECIAL - Tienda: ScanCafe (confianza: 0.73)
2026-02-03 09:42:09 - CouponNotifier - INFO - Procesando: Better Together. Ride Together.... (Remitente: Darevie <store+51310362802@g.shopifyemail.com>)
2026-02-03 09:42:09 - CouponNotifier - INFO - Procesando: Open Your Winter Shipping Offer!... (Remitente: Detailed Image <newsletter@detailedimage.com>)
2026-02-03 09:42:09 - CouponNotifier - INFO - Cupón encontrado: SAV1NGS - Tienda: Detailed Image (confianza: 0.73)
2026-02-03 09:42:09 - CouponNotifier - INFO - Procesando: There’s no limit to your love story... (Remitente: Mixbook <mixbook@eml.mixbook.com>)
2026-02-03 09:42:09 - CouponNotifier - INFO - Cupón encontrado: Y0URBESTM0MENTS - Tienda: Mixbook (confianza: 0.73)
2026-02-03 09:42:10 - CouponNotifier - INFO - Procesando: 🌙 See the stars with our Astro gear 🌟... (Remitente: Park Cameras <newsletter@email.parkcameras.com>)
2026-02-03 09:42:10 - CouponNotifier - INFO - Procesando: dull skin's worst nightmare... (Remitente: Pacifica Beauty <hello@pacificabeauty.com>)
2026-02-03 09:42:10 - CouponNotifier - INFO - Procesando: Style Secrets Revealed... (Remitente: SHEIN <shein@email.us.shein.com>)
2026-02-03 09:42:10 - CouponNotifier - INFO - Procesando: CLOSING DOWN... (Remitente: "Caravan Bits & Bobs" <store+44626968742@g.shopifyemail.com>)
2026-02-03 09:42:10 - CouponNotifier - INFO - Procesando: Mask. Roll. Repeat. 😎 Up to 25% OFF... (Remitente: Paint Access <trade@paintaccess.com.au>)
2026-02-03 09:42:10 - CouponNotifier - INFO - Escaneo completado. Encontrados 6 cupones nuevos
2026-02-03 09:45:48 - CouponNotifier - INFO - Modo sin scikit-learn: usando reglas heurísticas mejoradas
2026-02-03 09:45:48 - CouponNotifier - WARNING - win10toast/plyer no instalado. Las notificaciones estarán desactivadas.
2026-02-03 09:45:48 - CouponNotifier - WARNING - Instala con: pip install win10toast
2026-02-03 09:45:49 - CouponNotifier - INFO - Tablas de base de datos creadas/verificadas
2026-02-03 09:45:50 - CouponNotifier - INFO - Aplicación iniciada correctamente
2026-02-03 09:47:25 - CouponNotifier - INFO - Iniciando escaneo de correos...
2026-02-03 09:47:26 - CouponNotifier - INFO - Autenticado como: correoparaplatad@gmail.com
2026-02-03 09:47:26 - CouponNotifier - INFO - Encontrados 15 correos
2026-02-03 09:47:26 - CouponNotifier - INFO - Procesando: Valentine’s Day Picks: Bright Bags & Shoes... (Remitente: KARL LAGERFELD PARIS <Karllagerfeldparis@email.karllagerfeldparis.com>)
2026-02-03 09:47:26 - CouponNotifier - INFO - Cupón encontrado: C0MBINED - Tienda: KARL LAGERFELD PARIS (confianza: 0.73)
2026-02-03 09:47:27 - CouponNotifier - INFO - Procesando: A&H Mastermind - February Edition⚽... (Remitente: "A&H International" <support@referee-equipment.com>)
2026-02-03 09:47:27 - CouponNotifier - INFO - Procesando: Re: 50% Off These Items for V-Day 💖✨... (Remitente: Carter Wear <customerservice@carterwear.com>)
2026-02-03 09:47:27 - CouponNotifier - INFO - Procesando: Your order is ready to ship... (Remitente: Rhythm and Beat <support@rhythmandbeat.com>)
2026-02-03 09:47:27 - CouponNotifier - INFO - Cupón encontrado: DIRECTLYTHR0UGH - Tienda: Rhythm and Beat (confianza: 0.72)
2026-02-03 09:47:28 - CouponNotifier - INFO - Procesando: FREE underwear...seriously! ✨... (Remitente: JunoActive <marketing@junoactive.com>)
2026-02-03 09:47:28 - CouponNotifier - INFO - Cupón encontrado: BUTTERCUP - Tienda: JunoActive (confianza: 0.52)
2026-02-03 09:47:28 - CouponNotifier - INFO - Procesando: FREE Stability Chair? Yes, Please!... (Remitente: Best Gym Equipment <info@bestgymequipment.co.uk>)
2026-02-03 09:47:28 - CouponNotifier - INFO - Procesando: Your 50% Off code expires tonight... (Remitente: ScanCafe <help@scancafe.com>)
2026-02-03 09:47:28 - CouponNotifier - INFO - Cupón encontrado: USEDYOURSPEC1AL - Tienda: ScanCafe (confianza: 0.73)
2026-02-03 09:47:28 - CouponNotifier - INFO - Procesando: Better Together. Ride Together.... (Remitente: Darevie <store+51310362802@g.shopifyemail.com>)
2026-02-03 09:47:28 - CouponNotifier - INFO - Procesando: Open Your Winter Shipping Offer!... (Remitente: Detailed Image <newsletter@detailedimage.com>)
2026-02-03 09:47:28 - CouponNotifier - INFO - Cupón encontrado: SAV1NGS - Tienda: Detailed Image (confianza: 0.73)
2026-02-03 09:47:29 - CouponNotifier - INFO - Procesando: There’s no limit to your love story... (Remitente: Mixbook <mixbook@eml.mixbook.com>)
2026-02-03 09:47:29 - CouponNotifier - INFO - Cupón encontrado: Y0URBESTM0MENTS - Tienda: Mixbook (confianza: 0.73)
2026-02-03 09:47:29 - CouponNotifier - INFO - Procesando: 🌙 See the stars with our Astro gear 🌟... (Remitente: Park Cameras <newsletter@email.parkcameras.com>)
2026-02-03 09:47:29 - CouponNotifier - INFO - Procesando: dull skin's worst nightmare... (Remitente: Pacifica Beauty <hello@pacificabeauty.com>)
2026-02-03 09:47:29 - CouponNotifier - INFO - Procesando: Style Secrets Revealed... (Remitente: SHEIN <shein@email.us.shein.com>)
2026-02-03 09:47:29 - CouponNotifier - INFO - Procesando: CLOSING DOWN... (Remitente: "Caravan Bits & Bobs" <store+44626968742@g.shopifyemail.com>)
2026-02-03 09:47:29 - CouponNotifier - INFO - Procesando: Mask. Roll. Repeat. 😎 Up to 25% OFF... (Remitente: Paint Access <trade@paintaccess.com.au>)
2026-02-03 09:47:30 - CouponNotifier - INFO - Escaneo completado. Encontrados 3 cupones nuevos
2026-02-03 10:09:46 - CouponNotifier - WARNING - win10toast/plyer no instalado. Las notificaciones estarán desactivadas.
2026-02-03 10:09:46 - CouponNotifier - WARNING - Instala con: pip install win10toast
2026-02-03 10:09:46 - CouponNotifier - INFO - Tablas de base de datos creadas/verificadas
2026-02-03 10:09:47 - CouponNotifier - INFO - Aplicación iniciada correctamente
